// Jest Snapshot v1, https://goo.gl/fbAQLP

exports[`renders correctly 1`] = `
<div
  className="congrats container"
  id="page"
>
  <div>
    Bravo pour avoir soumis !
  </div>
  <a
    href="/"
    onClick={[Function]}
  >
    Retour Ã  l'accueil
  </a>
</div>
`;
