// Jest Snapshot v1, https://goo.gl/fbAQLP

exports[`renders correctly 1`] = `
<div
  className="home container"
  id="page"
>
  <div
    className="row  justify-content-center"
  >
    <div
      className="col align-content-center"
    >
      <a
        href="/images/916-43406628822_cffd9b699e_b"
        onClick={[Function]}
      >
        <img
          className="img-fluid"
          src="https://live.staticflickr.com/916/43406628822_cffd9b699e_b.jpg"
        />
      </a>
    </div>
    <div
      className="col align-content-center"
    >
      <a
        href="/images/65535-48877432621_ff264905ac_b"
        onClick={[Function]}
      >
        <img
          className="img-fluid"
          src="https://live.staticflickr.com/65535/48877432621_ff264905ac_b.jpg"
        />
      </a>
    </div>
  </div>
  <div
    className="row justify-content-center"
  >
    <div
      className="col align-content-center"
    >
      <a
        href="/images/65535-48876898518_9f01d744c4_b"
        onClick={[Function]}
      >
        <img
          className="img-fluid"
          src="https://live.staticflickr.com/65535/48876898518_9f01d744c4_b.jpg"
        />
      </a>
    </div>
    <div
      className="col align-content-center"
    >
      <a
        href="/images/65535-48877431621_5b73d110a6_b"
        onClick={[Function]}
      >
        <img
          className="img-fluid"
          src="https://live.staticflickr.com/65535/48877431621_5b73d110a6_b.jpg"
        />
      </a>
    </div>
  </div>
</div>
`;
